// Jest Snapshot v1, https://goo.gl/fbAQLP

exports[`<Header /> render 1`] = `
<View
  style={
    Object {
      "backgroundColor": "#fff",
      "padding": 16,
    }
  }
>
  <View
    style={
      Object {
        "alignItems": "center",
        "flexDirection": "row",
      }
    }
  >
    <Text
      allowFontScaling={false}
      style={
        Array [
          Object {
            "color": "#4f6780",
            "fontSize": 24,
          },
          undefined,
          Object {
            "fontFamily": "Material Design Icons",
            "fontStyle": "normal",
            "fontWeight": "normal",
          },
          Object {},
        ]
      }
    >
      若
    </Text>
    <Text
      style={
        Object {
          "color": "#333",
          "flex": 1,
          "fontSize": 16,
          "fontWeight": "100",
          "marginLeft": 16,
        }
      }
    >
      iCare Pontianak
    </Text>
    <Text
      allowFontScaling={false}
      style={
        Array [
          Object {
            "color": "#525252",
            "fontSize": 20,
          },
          undefined,
          Object {
            "fontFamily": "Ionicons",
            "fontStyle": "normal",
            "fontWeight": "normal",
          },
          Object {},
        ]
      }
    >
      
    </Text>
  </View>
  <View
    style={
      Object {
        "alignItems": "center",
        "backgroundColor": "#eee",
        "borderRadius": 5,
        "flexDirection": "row",
        "marginTop": 12,
      }
    }
  >
    <TextInput
      allowFontScaling={true}
      placeholder="Mau cari tindakan atau bantuan apa?"
      rejectResponderTermination={true}
      style={
        Object {
          "flex": 1,
          "paddingHorizontal": 10,
          "paddingVertical": 4,
        }
      }
      underlineColorAndroid="transparent"
    />
    <Text
      allowFontScaling={false}
      style={
        Array [
          Object {
            "color": "#4f6780",
            "fontSize": 18,
          },
          Object {
            "marginHorizontal": 10,
          },
          Object {
            "fontFamily": "Ionicons",
            "fontStyle": "normal",
            "fontWeight": "normal",
          },
          Object {},
        ]
      }
    >
      
    </Text>
  </View>
</View>
`;

exports[`<ItemPelayanan /> render 1`] = `
<View
  style={
    Array [
      Object {
        "alignItems": "center",
        "flex": 1,
        "minHeight": 52,
        "minWidth": "30%",
      },
      undefined,
    ]
  }
>
  <Image
    style={
      Object {
        "flex": 1,
        "height": "100%",
        "resizeMode": "contain",
      }
    }
  />
  <Text
    style={
      Object {
        "color": "#525252",
        "fontSize": 12,
        "marginTop": 8,
      }
    }
  >
    Item
  </Text>
</View>
`;
