// Jest Snapshot v1, https://goo.gl/fbAQLP

exports[`<BottomTab /> render 1`] = `
<View
  style={
    Object {
      "alignItems": "center",
      "backgroundColor": "#fff",
      "borderTopColor": "#CFD8DC",
      "borderTopWidth": 1,
      "flexDirection": "row",
    }
  }
/>
`;

exports[`<TabItem /> render 1`] = `
<View
  accessible={true}
  clickable={false}
  isTVSelectable={true}
  onClick={[Function]}
  onResponderGrant={[Function]}
  onResponderMove={[Function]}
  onResponderRelease={[Function]}
  onResponderTerminate={[Function]}
  onResponderTerminationRequest={[Function]}
  onStartShouldSetResponder={[Function]}
  style={
    Object {
      "alignItems": "center",
      "flex": 1,
      "opacity": 1,
      "paddingVertical": 8,
    }
  }
>
  <Text
    allowFontScaling={false}
    style={
      Array [
        Object {
          "color": "#333",
          "fontSize": 20,
        },
        Object {
          "color": "#676767",
        },
        Object {
          "fontFamily": "Material Design Icons",
          "fontStyle": "normal",
          "fontWeight": "normal",
        },
        Object {},
      ]
    }
  >
    ï‹œ
  </Text>
  <Text
    style={
      Array [
        Object {
          "color": "#333",
          "fontSize": 12,
          "marginTop": 2,
        },
        Object {
          "color": "#676767",
        },
      ]
    }
  >
    TabItem
  </Text>
</View>
`;
